[bootstrap-ecommerce.com/components.html]
[backblue.gif]
[fade.gif]
[index.html]
[bootstrap-ecommerce.com/assets/images/favicon.ico]
[bootstrap-ecommerce.com/bootstrap5-ecommerce/css/bootstrapc3db.css]
[bootstrap-ecommerce.com/bootstrap5-ecommerce/css/uic3db.css]
[bootstrap-ecommerce.com/bootstrap5-ecommerce/css/responsivec3db.css]
[bootstrap-ecommerce.com/bootstrap5-ecommerce/fonts/fontawesome/webfonts/fa-solid-900.woff2]
[bootstrap-ecommerce.com/bootstrap5-ecommerce/fonts/fontawesome/css/all.min.css]
[bootstrap-ecommerce.com/assets/css/style2d4c.css]
[bootstrap-ecommerce.com/index.html]
[bootstrap-ecommerce.com/assets/images/logo30f4.png]
[bootstrap-ecommerce.com/documentation.html]
[bootstrap-ecommerce.com/templates.html]
[bootstrap-ecommerce.com/bootstrap5-ecommerce/images/items/1.jpg]
[bootstrap-ecommerce.com/bootstrap5-ecommerce/images/items/2.jpg]
[bootstrap-ecommerce.com/bootstrap5-ecommerce/images/avatars/avatar1.jpg]
[bootstrap-ecommerce.com/bootstrap5-ecommerce/images/avatars/avatar2.jpg]
[bootstrap-ecommerce.com/bootstrap5-ecommerce/images/posts/0.jpg]
[bootstrap-ecommerce.com/bootstrap5-ecommerce/images/icons/category-svg-blue/animal.svg]
[bootstrap-ecommerce.com/bootstrap5-ecommerce/images/icons/category-svg-blue/bag-lady.svg]
[bootstrap-ecommerce.com/bootstrap5-ecommerce/images/icons/category-svg-blue/bag.svg]
[bootstrap-ecommerce.com/bootstrap5-ecommerce/images/icons/category-svg-blue/ball.svg]
[bootstrap-ecommerce.com/bootstrap5-ecommerce/images/icons/category-svg-blue/bar.svg]
[bootstrap-ecommerce.com/bootstrap5-ecommerce/images/icons/category-svg-blue/book.svg]
[bootstrap-ecommerce.com/bootstrap5-ecommerce/images/icons/category-svg-blue/car.svg]
[bootstrap-ecommerce.com/bootstrap5-ecommerce/images/icons/category-svg-blue/check.svg]
[bootstrap-ecommerce.com/bootstrap5-ecommerce/images/icons/category-svg-blue/cpu.svg]
[bootstrap-ecommerce.com/bootstrap5-ecommerce/images/icons/category-svg-blue/desktop_windows.svg]
[bootstrap-ecommerce.com/bootstrap5-ecommerce/images/icons/category-svg-blue/diamond.svg]
[bootstrap-ecommerce.com/bootstrap5-ecommerce/images/icons/category-svg-blue/education.svg]
[bootstrap-ecommerce.com/bootstrap5-ecommerce/images/icons/category-svg-blue/fix.svg]
[bootstrap-ecommerce.com/bootstrap5-ecommerce/images/icons/category-svg-blue/homeitem.svg]
[bootstrap-ecommerce.com/bootstrap5-ecommerce/images/icons/category-svg-blue/med-tooth.svg]
[bootstrap-ecommerce.com/bootstrap5-ecommerce/images/icons/category-svg-blue/med.svg]
[bootstrap-ecommerce.com/bootstrap5-ecommerce/images/icons/category-svg-blue/motorbike.svg]
[bootstrap-ecommerce.com/bootstrap5-ecommerce/images/icons/category-svg-blue/painting.svg]
[bootstrap-ecommerce.com/bootstrap5-ecommerce/images/icons/category-svg-blue/pants.svg]
[bootstrap-ecommerce.com/bootstrap5-ecommerce/images/icons/category-svg-blue/phone-tablet.svg]
[bootstrap-ecommerce.com/bootstrap5-ecommerce/images/icons/category-svg-blue/phone.svg]
[bootstrap-ecommerce.com/bootstrap5-ecommerce/images/icons/category-svg-blue/restaurant.svg]
[bootstrap-ecommerce.com/bootstrap5-ecommerce/images/icons/category-svg-blue/scissor.svg]
[bootstrap-ecommerce.com/bootstrap5-ecommerce/images/icons/category-svg-blue/shipping.svg]
[bootstrap-ecommerce.com/bootstrap5-ecommerce/images/icons/category-svg-blue/shirt.svg]
[bootstrap-ecommerce.com/bootstrap5-ecommerce/images/icons/category-svg-blue/shoe-lady.svg]
[bootstrap-ecommerce.com/bootstrap5-ecommerce/images/icons/category-svg-blue/shoe-man.svg]
[bootstrap-ecommerce.com/bootstrap5-ecommerce/images/icons/category-svg-blue/slippers.svg]
[bootstrap-ecommerce.com/bootstrap5-ecommerce/images/icons/category-svg-blue/sofa.svg]
[bootstrap-ecommerce.com/bootstrap5-ecommerce/images/icons/category-svg-blue/spa.svg]
[bootstrap-ecommerce.com/bootstrap5-ecommerce/images/icons/category-svg-blue/sport.svg]
[bootstrap-ecommerce.com/bootstrap5-ecommerce/images/icons/category-svg-blue/toy.svg]
[bootstrap-ecommerce.com/bootstrap5-ecommerce/images/icons/category-svg-blue/truck.svg]
[bootstrap-ecommerce.com/bootstrap5-ecommerce/images/icons/category-svg-blue/warehouse.svg]
[bootstrap-ecommerce.com/bootstrap5-ecommerce/images/icons/category-svg-blue/watch.svg]
[bootstrap-ecommerce.com/bootstrap5-ecommerce/images/icons/category-svg-blue/music.svg]
[bootstrap-ecommerce.com/bootstrap5-ecommerce/images/icons/food-svg-blue/apple.svg]
[bootstrap-ecommerce.com/bootstrap5-ecommerce/images/icons/food-svg-blue/bread.svg]
[bootstrap-ecommerce.com/bootstrap5-ecommerce/images/icons/food-svg-blue/cafe.svg]
[bootstrap-ecommerce.com/bootstrap5-ecommerce/images/icons/food-svg-blue/cake.svg]
[bootstrap-ecommerce.com/bootstrap5-ecommerce/images/icons/food-svg-blue/chicken.svg]
[bootstrap-ecommerce.com/bootstrap5-ecommerce/images/icons/food-svg-blue/coffee.svg]
[bootstrap-ecommerce.com/bootstrap5-ecommerce/images/icons/food-svg-blue/confectionery.svg]
[bootstrap-ecommerce.com/bootstrap5-ecommerce/images/icons/food-svg-blue/cutlery.svg]
[bootstrap-ecommerce.com/bootstrap5-ecommerce/images/icons/food-svg-blue/dining-room.svg]
[bootstrap-ecommerce.com/bootstrap5-ecommerce/images/icons/food-svg-blue/eggplant.svg]
[bootstrap-ecommerce.com/bootstrap5-ecommerce/images/icons/food-svg-blue/food-bar.svg]
[bootstrap-ecommerce.com/bootstrap5-ecommerce/images/icons/food-svg-blue/food.svg]
[bootstrap-ecommerce.com/bootstrap5-ecommerce/images/icons/food-svg-blue/grill.svg]
[bootstrap-ecommerce.com/bootstrap5-ecommerce/images/icons/food-svg-blue/hamburger.svg]
[bootstrap-ecommerce.com/bootstrap5-ecommerce/images/icons/food-svg-blue/kawaii-cupcake.svg]
[bootstrap-ecommerce.com/bootstrap5-ecommerce/images/icons/food-svg-blue/milkshake.svg]
[bootstrap-ecommerce.com/bootstrap5-ecommerce/images/icons/food-svg-blue/pizza.svg]
[bootstrap-ecommerce.com/bootstrap5-ecommerce/images/icons/food-svg-blue/porridge.svg]
[bootstrap-ecommerce.com/bootstrap5-ecommerce/images/icons/food-svg-blue/restaurant.svg]
[bootstrap-ecommerce.com/bootstrap5-ecommerce/images/icons/food-svg-blue/steak.svg]
[bootstrap-ecommerce.com/bootstrap5-ecommerce/images/icons/food-svg-blue/tea-cup.svg]
[bootstrap-ecommerce.com/bootstrap5-ecommerce/images/icons/food-svg-blue/waiter.svg]
[bootstrap-ecommerce.com/bootstrap5-ecommerce/images/items/5.jpg]
[bootstrap-ecommerce.com/bootstrap5-ecommerce/images/items/6.jpg]
[bootstrap-ecommerce.com/bootstrap5-ecommerce/images/items/10.jpg]
[bootstrap-ecommerce.com/bootstrap5-ecommerce/images/items/12.jpg]
[bootstrap-ecommerce.com/bootstrap5-ecommerce/images/items/3.jpg]
[bootstrap-ecommerce.com/bootstrap5-ecommerce/images/items/4.jpg]
[bootstrap-ecommerce.com/bootstrap5-ecommerce/images/misc/stars-active.svg]
[bootstrap-ecommerce.com/bootstrap5-ecommerce/images/misc/starts-disable.svg]
[bootstrap-ecommerce.com/bootstrap5-ecommerce/images/items/13.jpg]
[bootstrap-ecommerce.com/bootstrap5-ecommerce/images/items/14.jpg]
[bootstrap-ecommerce.com/bootstrap5-ecommerce/images/items/7.jpg]
[bootstrap-ecommerce.com/bootstrap5-ecommerce/images/items/book1.jpg]
[bootstrap-ecommerce.com/bootstrap5-ecommerce/images/items/book2.jpg]
[bootstrap-ecommerce.com/bootstrap5-ecommerce/images/items/detail1/big.jpg]
[bootstrap-ecommerce.com/bootstrap5-ecommerce/images/items/detail1/thumb1.jpg]
[bootstrap-ecommerce.com/bootstrap5-ecommerce/images/items/detail1/thumb2.jpg]
[bootstrap-ecommerce.com/bootstrap5-ecommerce/images/items/detail1/thumb3.jpg]
[bootstrap-ecommerce.com/bootstrap5-ecommerce/images/items/detail1/thumb4.jpg]
[bootstrap-ecommerce.com/bootstrap5-ecommerce/images/items/detail2/big.jpg]
[bootstrap-ecommerce.com/bootstrap5-ecommerce/images/items/detail2/thumb1.jpg]
[bootstrap-ecommerce.com/bootstrap5-ecommerce/images/items/detail2/thumb2.jpg]
[bootstrap-ecommerce.com/bootstrap5-ecommerce/images/items/detail2/thumb3.jpg]
[bootstrap-ecommerce.com/bootstrap5-ecommerce/images/items/detail2/thumb4.jpg]
[bootstrap-ecommerce.com/bootstrap5-ecommerce/images/items/detail3/big.jpg]
[bootstrap-ecommerce.com/bootstrap5-ecommerce/images/items/detail3/thumb1.jpg]
[bootstrap-ecommerce.com/bootstrap5-ecommerce/images/items/detail3/thumb2.jpg]
[bootstrap-ecommerce.com/bootstrap5-ecommerce/images/items/detail3/thumb3.jpg]
[bootstrap-ecommerce.com/bootstrap5-ecommerce/images/items/detail3/thumb4.jpg]
[bootstrap-ecommerce.com/bootstrap5-ecommerce/images/avatars/avatar.jpg]
[bootstrap-ecommerce.com/bootstrap5-ecommerce/images/avatars/avatar3.jpg]
[bootstrap-ecommerce.com/bootstrap5-ecommerce/images/brands/logo.jpg]
[bootstrap-ecommerce.com/bootstrap5-ecommerce/images/flags/flag-usa.png]
[bootstrap-ecommerce.com/bootstrap5-ecommerce/images/items/0.jpg]
[bootstrap-ecommerce.com/bootstrap5-ecommerce/images/items/8.jpg]
[bootstrap-ecommerce.com/bootstrap5-ecommerce/images/misc/payments.png]
[bootstrap-ecommerce.com/bootstrap5-ecommerce/images/items/11.jpg]
[bootstrap-ecommerce.com/bootstrap5-ecommerce/images/banners/bg-food.jpg]
[bootstrap-ecommerce.com/bootstrap5-ecommerce/images/icons/food-svg-gray/hamburger.svg]
[bootstrap-ecommerce.com/bootstrap5-ecommerce/images/icons/food-svg-gray/steak.svg]
[bootstrap-ecommerce.com/bootstrap5-ecommerce/images/icons/food-svg-gray/chicken.svg]
[bootstrap-ecommerce.com/bootstrap5-ecommerce/images/icons/food-svg-gray/pizza.svg]
[bootstrap-ecommerce.com/bootstrap5-ecommerce/images/icons/food-svg-gray/cake.svg]
[bootstrap-ecommerce.com/bootstrap5-ecommerce/images/icons/food-svg-gray/porridge.svg]
[bootstrap-ecommerce.com/bootstrap5-ecommerce/images/icons/food-svg-gray/cup.svg]
[bootstrap-ecommerce.com/bootstrap5-ecommerce/images/icons/food-svg-gray/apple.svg]
[bootstrap-ecommerce.com/bootstrap5-ecommerce/images/posts/food1.jpg]
[bootstrap-ecommerce.com/bootstrap5-ecommerce/images/brands/cafe-logo1.jpg]
[bootstrap-ecommerce.com/bootstrap5-ecommerce/images/posts/food2.jpg]
[bootstrap-ecommerce.com/bootstrap5-ecommerce/images/brands/cafe-logo2.jpg]
[bootstrap-ecommerce.com/bootstrap5-ecommerce/images/posts/food3.jpg]
[bootstrap-ecommerce.com/bootstrap5-ecommerce/images/brands/cafe-logo3.jpg]
[bootstrap-ecommerce.com/bootstrap5-ecommerce/images/banners/bg-cafe.jpg]
[bootstrap-ecommerce.com/bootstrap5-ecommerce/images/items/food1.jpg]
[bootstrap-ecommerce.com/bootstrap5-ecommerce/images/items/food2.jpg]
[bootstrap-ecommerce.com/bootstrap5-ecommerce/images/misc/map.jpg]
[bootstrap-ecommerce.com/bootstrap5-ecommerce/images/banners/bg-realestate.jpg]
[bootstrap-ecommerce.com/bootstrap5-ecommerce/images/items/realestate1.jpg]
[bootstrap-ecommerce.com/bootstrap5-ecommerce/images/items/realestate2.jpg]
[bootstrap-ecommerce.com/bootstrap5-ecommerce/images/items/realestate3.jpg]
[bootstrap-ecommerce.com/bootstrap5-ecommerce/images/items/detail-realestate/big.jpg]
[bootstrap-ecommerce.com/bootstrap5-ecommerce/images/items/detail-realestate/thumb1.jpg]
[bootstrap-ecommerce.com/bootstrap5-ecommerce/images/items/detail-realestate/thumb2.jpg]
[bootstrap-ecommerce.com/bootstrap5-ecommerce/images/items/detail-realestate/thumb3.jpg]
[bootstrap-ecommerce.com/bootstrap5-ecommerce/images/items/detail-realestate/thumb4.jpg]
[bootstrap-ecommerce.com/bootstrap5-ecommerce/images/items/detail-realestate/thumb5.jpg]
[bootstrap-ecommerce.com/bootstrap5-ecommerce/images/items/detail-realestate/thumb6.jpg]
[bootstrap-ecommerce.com/bootstrap5-ecommerce/images/items/9.jpg]
[bootstrap-ecommerce.com/bootstrap5-ecommerce/images/misc/btn-paypal.png]
[bootstrap-ecommerce.com/bootstrap5-ecommerce/images/icons/social/facebook.svg]
[bootstrap-ecommerce.com/bootstrap5-ecommerce/images/icons/social/google.svg]
[bootstrap-ecommerce.com/bootstrap5-ecommerce/images/icons/placeholder.jpg]
[bootstrap-ecommerce.com/bootstrap5-ecommerce/images/placeholder.jpg]
[bootstrap-ecommerce.com/bootstrap5-ecommerce/images/banners/banner7.jpg]
[bootstrap-ecommerce.com/bootstrap5-ecommerce/images/banners/banner1.jpg]
[bootstrap-ecommerce.com/bootstrap5-ecommerce/images/banners/banner2.jpg]
[bootstrap-ecommerce.com/bootstrap5-ecommerce/images/banners/banner3.jpg]
[bootstrap-ecommerce.com/bootstrap5-ecommerce/images/banners/banner4.jpg]
[bootstrap-ecommerce.com/bootstrap5-ecommerce/images/banners/banner5.jpg]
[bootstrap-ecommerce.com/bootstrap5-ecommerce/images/banners/banner6.jpg]
[bootstrap-ecommerce.com/bootstrap5-ecommerce/images/banners/banner8.jpg]
[bootstrap-ecommerce.com/bootstrap5-ecommerce/images/banners/banner9.jpg]
[bootstrap-ecommerce.com/bootstrap5-ecommerce/images/posts/3.jpg]
[bootstrap-ecommerce.com/bootstrap5-ecommerce/images/banners/banner-item1.jpg]
[bootstrap-ecommerce.com/bootstrap5-ecommerce/images/banners/banner-item2.jpg]
[bootstrap-ecommerce.com/bootstrap5-ecommerce/images/banners/banner-item3.jpg]
[bootstrap-ecommerce.com/bootstrap5-ecommerce/images/logo.svg]
[bootstrap-ecommerce.com/bootstrap5-ecommerce/images/logo.png]
[bootstrap-ecommerce.com/bootstrap5-ecommerce/images/banners/intro-item2.jpg]
[bootstrap-ecommerce.com/bootstrap5-ecommerce/images/banners/intro-bg.jpg]
[bootstrap-ecommerce.com/bootstrap5-ecommerce/images/banners/intro-item1.jpg]
[bootstrap-ecommerce.com/bootstrap5-ecommerce/images/misc/btn-appstore.png]
[bootstrap-ecommerce.com/bootstrap5-ecommerce/images/misc/btn-market.png]
[bootstrap-ecommerce.com/bootstrap5-ecommerce/images/logo-white.png]
[bootstrap-ecommerce.com/bootstrap5-ecommerce/page-index-1.html]
[bootstrap-ecommerce.com/assets/images/screenshots/page-home-1.jpg]
[bootstrap-ecommerce.com/bootstrap5-ecommerce/page-index-2.html]
[bootstrap-ecommerce.com/assets/images/screenshots/page-home-2.jpg]
[bootstrap-ecommerce.com/bootstrap5-ecommerce/page-index-3.html]
[bootstrap-ecommerce.com/assets/images/screenshots/page-home-3.jpg]
[bootstrap-ecommerce.com/bootstrap5-ecommerce/page-items-list.html]
[bootstrap-ecommerce.com/assets/images/screenshots/page-listing.jpg]
[bootstrap-ecommerce.com/bootstrap5-ecommerce/page-items-grid.html]
[bootstrap-ecommerce.com/assets/images/screenshots/page-listing-grid.jpg]
[bootstrap-ecommerce.com/bootstrap5-ecommerce/page-item-detail.html]
[bootstrap-ecommerce.com/assets/images/screenshots/page-detail.jpg]
[bootstrap-ecommerce.com/bootstrap5-ecommerce/page-order-cart.html]
[bootstrap-ecommerce.com/assets/images/screenshots/page-cart.jpg]
[bootstrap-ecommerce.com/bootstrap5-ecommerce/page-order-form.html]
[bootstrap-ecommerce.com/assets/images/screenshots/page-order.jpg]
[bootstrap-ecommerce.com/bootstrap5-ecommerce/page-profile.html]
[bootstrap-ecommerce.com/assets/images/screenshots/page-profile.jpg]
[bootstrap-ecommerce.com/assets/images/misc/payments.png]
[bootstrap-ecommerce.com/assets/images/logo.png]
[bootstrap-ecommerce.com/assets/js/bootstrap.bundle.min30f4.js]
[bootstrap-ecommerce.com/assets/js/script30f4.js]
[bootstrap-ecommerce.com/components.html]
[bootstrap-ecommerce.com/bootstrap5-ecommerce/css/bootstrapc3db.css]
[bootstrap-ecommerce.com/bootstrap5-ecommerce/css/uic3db.css]
[bootstrap-ecommerce.com/bootstrap5-ecommerce/css/responsivec3db.css]
[mc.yandex.ru/metrika/tag.js]
[bootstrap-ecommerce.com/bootstrap5-ecommerce/fonts/fontawesome/webfonts/fa-brands-400.eot]
[bootstrap-ecommerce.com/bootstrap5-ecommerce/fonts/fontawesome/webfonts/fa-brands-400d41d.eot]
[bootstrap-ecommerce.com/bootstrap5-ecommerce/fonts/fontawesome/webfonts/fa-brands-400.woff2]
[bootstrap-ecommerce.com/bootstrap5-ecommerce/fonts/fontawesome/webfonts/fa-brands-400.woff]
[bootstrap-ecommerce.com/bootstrap5-ecommerce/fonts/fontawesome/webfonts/fa-brands-400.ttf]
[bootstrap-ecommerce.com/bootstrap5-ecommerce/fonts/fontawesome/webfonts/fa-regular-400.eot]
[bootstrap-ecommerce.com/bootstrap5-ecommerce/fonts/fontawesome/webfonts/fa-regular-400d41d.eot]
[bootstrap-ecommerce.com/bootstrap5-ecommerce/fonts/fontawesome/webfonts/fa-brands-400.svg]
[bootstrap-ecommerce.com/bootstrap5-ecommerce/fonts/fontawesome/webfonts/fa-regular-400.woff2]
[bootstrap-ecommerce.com/bootstrap5-ecommerce/fonts/fontawesome/webfonts/fa-regular-400.woff]
[bootstrap-ecommerce.com/bootstrap5-ecommerce/fonts/fontawesome/webfonts/fa-regular-400.ttf]
[bootstrap-ecommerce.com/bootstrap5-ecommerce/fonts/fontawesome/webfonts/fa-solid-900.eot]
[bootstrap-ecommerce.com/bootstrap5-ecommerce/fonts/fontawesome/webfonts/fa-regular-400.svg]
[bootstrap-ecommerce.com/bootstrap5-ecommerce/fonts/fontawesome/webfonts/fa-solid-900d41d.eot]
[bootstrap-ecommerce.com/bootstrap5-ecommerce/fonts/fontawesome/webfonts/fa-solid-900.woff]
[bootstrap-ecommerce.com/bootstrap5-ecommerce/fonts/fontawesome/webfonts/fa-solid-900.ttf]
[bootstrap-ecommerce.com/bootstrap5-ecommerce/fonts/fontawesome/css/all.min.css]
[bootstrap-ecommerce.com/assets/css/style2d4c.css]
[bootstrap-ecommerce.com/assets/css/style9571.css]
[bootstrap-ecommerce.com/assets/images/logo3860.png]
[bootstrap-ecommerce.com/bootstrap5-ecommerce/fonts/fontawesome/webfonts/fa-solid-900.svg]
[bootstrap-ecommerce.com/assets/images/main3860.png]
[bootstrap-ecommerce.com/assets/images/tools-logo.png]
[bootstrap-ecommerce.com/assets/images/window-code.jpg]
[bootstrap-ecommerce.com/assets/images/window-file.png]
[bootstrap-ecommerce.com/assets/images/icons/feature1.svg]
[bootstrap-ecommerce.com/assets/images/icons/feature2.svg]
[bootstrap-ecommerce.com/assets/images/icons/feature3.svg]
[bootstrap-ecommerce.com/index.html]
[bootstrap-ecommerce.com/documentation.html]
[bootstrap-ecommerce.com/assets/images/icons/feature4.svg]
[bootstrap-ecommerce.com/assets/images/screenshots/mobile.jpg]
[bootstrap-ecommerce.com/templates/mobile/website/index.html]
[bootstrap-ecommerce.com/assets/images/screenshots/alistyle.jpg]
[bootstrap-ecommerce.com/templates.html]
[bootstrap-ecommerce.com/bootstrap5-ecommerce/images/icons/category-svg-blue/animal.svg]
[bootstrap-ecommerce.com/bootstrap5-ecommerce/images/icons/category-svg-blue/bag-lady.svg]
[bootstrap-ecommerce.com/bootstrap5-ecommerce/images/icons/category-svg-blue/bag.svg]
[bootstrap-ecommerce.com/bootstrap5-ecommerce/images/icons/category-svg-blue/ball.svg]
[bootstrap-ecommerce.com/bootstrap5-ecommerce/images/icons/category-svg-blue/bar.svg]
[bootstrap-ecommerce.com/bootstrap5-ecommerce/images/icons/category-svg-blue/book.svg]
[bootstrap-ecommerce.com/bootstrap5-ecommerce/images/icons/category-svg-blue/car.svg]
[bootstrap-ecommerce.com/bootstrap5-ecommerce/images/icons/category-svg-blue/check.svg]
[bootstrap-ecommerce.com/bootstrap5-ecommerce/images/icons/category-svg-blue/cpu.svg]
[bootstrap-ecommerce.com/bootstrap5-ecommerce/images/icons/category-svg-blue/desktop_windows.svg]
[bootstrap-ecommerce.com/bootstrap5-ecommerce/images/icons/category-svg-blue/diamond.svg]
[bootstrap-ecommerce.com/bootstrap5-ecommerce/images/icons/category-svg-blue/education.svg]
[bootstrap-ecommerce.com/bootstrap5-ecommerce/images/icons/category-svg-blue/fix.svg]
[bootstrap-ecommerce.com/bootstrap5-ecommerce/images/icons/category-svg-blue/homeitem.svg]
[bootstrap-ecommerce.com/bootstrap5-ecommerce/images/icons/category-svg-blue/med-tooth.svg]
[bootstrap-ecommerce.com/bootstrap5-ecommerce/images/icons/category-svg-blue/med.svg]
[bootstrap-ecommerce.com/bootstrap5-ecommerce/images/icons/category-svg-blue/motorbike.svg]
[bootstrap-ecommerce.com/bootstrap5-ecommerce/images/icons/category-svg-blue/painting.svg]
[bootstrap-ecommerce.com/bootstrap5-ecommerce/images/icons/category-svg-blue/pants.svg]
[bootstrap-ecommerce.com/bootstrap5-ecommerce/images/icons/category-svg-blue/phone-tablet.svg]
[bootstrap-ecommerce.com/bootstrap5-ecommerce/images/icons/category-svg-blue/phone.svg]
[bootstrap-ecommerce.com/bootstrap5-ecommerce/images/icons/category-svg-blue/restaurant.svg]
[bootstrap-ecommerce.com/bootstrap5-ecommerce/images/icons/category-svg-blue/scissor.svg]
[bootstrap-ecommerce.com/bootstrap5-ecommerce/images/icons/category-svg-blue/shipping.svg]
[bootstrap-ecommerce.com/bootstrap5-ecommerce/images/icons/category-svg-blue/shirt.svg]
[bootstrap-ecommerce.com/bootstrap5-ecommerce/images/icons/category-svg-blue/shoe-lady.svg]
[bootstrap-ecommerce.com/bootstrap5-ecommerce/images/icons/category-svg-blue/shoe-man.svg]
[bootstrap-ecommerce.com/bootstrap5-ecommerce/images/icons/category-svg-blue/slippers.svg]
[bootstrap-ecommerce.com/bootstrap5-ecommerce/images/icons/category-svg-blue/sofa.svg]
[bootstrap-ecommerce.com/bootstrap5-ecommerce/images/icons/category-svg-blue/spa.svg]
[bootstrap-ecommerce.com/bootstrap5-ecommerce/images/icons/category-svg-blue/sport.svg]
[bootstrap-ecommerce.com/bootstrap5-ecommerce/images/icons/category-svg-blue/toy.svg]
[bootstrap-ecommerce.com/bootstrap5-ecommerce/images/icons/category-svg-blue/truck.svg]
[bootstrap-ecommerce.com/bootstrap5-ecommerce/images/icons/category-svg-blue/warehouse.svg]
[bootstrap-ecommerce.com/bootstrap5-ecommerce/images/icons/category-svg-blue/watch.svg]
[bootstrap-ecommerce.com/bootstrap5-ecommerce/images/icons/category-svg-blue/music.svg]
[bootstrap-ecommerce.com/bootstrap5-ecommerce/images/icons/food-svg-blue/apple.svg]
[bootstrap-ecommerce.com/bootstrap5-ecommerce/images/icons/food-svg-blue/bread.svg]
[bootstrap-ecommerce.com/bootstrap5-ecommerce/images/icons/food-svg-blue/cafe.svg]
[bootstrap-ecommerce.com/bootstrap5-ecommerce/images/icons/food-svg-blue/cake.svg]
[bootstrap-ecommerce.com/bootstrap5-ecommerce/images/icons/food-svg-blue/chicken.svg]
[bootstrap-ecommerce.com/bootstrap5-ecommerce/images/icons/food-svg-blue/coffee.svg]
[bootstrap-ecommerce.com/bootstrap5-ecommerce/images/icons/food-svg-blue/confectionery.svg]
[bootstrap-ecommerce.com/bootstrap5-ecommerce/images/icons/food-svg-blue/cutlery.svg]
[bootstrap-ecommerce.com/bootstrap5-ecommerce/images/icons/food-svg-blue/dining-room.svg]
[bootstrap-ecommerce.com/bootstrap5-ecommerce/images/icons/food-svg-blue/eggplant.svg]
[bootstrap-ecommerce.com/bootstrap5-ecommerce/images/icons/food-svg-blue/food-bar.svg]
[bootstrap-ecommerce.com/bootstrap5-ecommerce/images/icons/food-svg-blue/food.svg]
[bootstrap-ecommerce.com/bootstrap5-ecommerce/images/icons/food-svg-blue/grill.svg]
[bootstrap-ecommerce.com/bootstrap5-ecommerce/images/icons/food-svg-blue/hamburger.svg]
[bootstrap-ecommerce.com/bootstrap5-ecommerce/images/icons/food-svg-blue/kawaii-cupcake.svg]
[bootstrap-ecommerce.com/bootstrap5-ecommerce/images/icons/food-svg-blue/milkshake.svg]
[bootstrap-ecommerce.com/bootstrap5-ecommerce/images/icons/food-svg-blue/pizza.svg]
[bootstrap-ecommerce.com/bootstrap5-ecommerce/images/icons/food-svg-blue/porridge.svg]
[bootstrap-ecommerce.com/bootstrap5-ecommerce/images/icons/food-svg-blue/restaurant.svg]
[bootstrap-ecommerce.com/bootstrap5-ecommerce/images/icons/food-svg-blue/steak.svg]
[bootstrap-ecommerce.com/bootstrap5-ecommerce/images/icons/food-svg-blue/tea-cup.svg]
[bootstrap-ecommerce.com/bootstrap5-ecommerce/images/icons/food-svg-blue/waiter.svg]
[bootstrap-ecommerce.com/bootstrap5-ecommerce/images/misc/stars-active.svg]
[bootstrap-ecommerce.com/bootstrap5-ecommerce/images/misc/starts-disable.svg]
[bootstrap-ecommerce.com/bootstrap5-ecommerce/images/icons/food-svg-gray/hamburger.svg]
[bootstrap-ecommerce.com/bootstrap5-ecommerce/images/icons/food-svg-gray/steak.svg]
[bootstrap-ecommerce.com/bootstrap5-ecommerce/images/icons/food-svg-gray/chicken.svg]
[bootstrap-ecommerce.com/bootstrap5-ecommerce/images/icons/food-svg-gray/pizza.svg]
[bootstrap-ecommerce.com/bootstrap5-ecommerce/images/icons/food-svg-gray/cake.svg]
[bootstrap-ecommerce.com/bootstrap5-ecommerce/images/icons/food-svg-gray/porridge.svg]
[bootstrap-ecommerce.com/bootstrap5-ecommerce/images/icons/food-svg-gray/cup.svg]
[bootstrap-ecommerce.com/bootstrap5-ecommerce/images/icons/food-svg-gray/apple.svg]
[bootstrap-ecommerce.com/bootstrap5-ecommerce/images/icons/social/facebook.svg]
[bootstrap-ecommerce.com/bootstrap5-ecommerce/images/icons/social/google.svg]
[bootstrap-ecommerce.com/index-2.html]
[bootstrap-ecommerce.com/bootstrap5-ecommerce/images/logo.svg]
[bootstrap-ecommerce.com/templates/alistyle-html/page-index.html]
[bootstrap-ecommerce.com/bootstrap5-ecommerce/css/bootstrap3661.css]
[bootstrap-ecommerce.com/bootstrap5-ecommerce/css/ui3661.css]
[bootstrap-ecommerce.com/bootstrap5-ecommerce/css/responsive3661.css]
[bootstrap-ecommerce.com/bootstrap5-ecommerce/images/posts/1.jpg]
[bootstrap-ecommerce.com/bootstrap5-ecommerce/images/posts/2.jpg]
[bootstrap-ecommerce.com/bootstrap5-ecommerce/images/posts/4.jpg]
[bootstrap-ecommerce.com/bootstrap5-ecommerce/js/bootstrap.bundle.min.js]
[bootstrap-ecommerce.com/bootstrap5-ecommerce/page-index-1.html]
[bootstrap-ecommerce.com/bootstrap5-ecommerce/page-index-2.html]
[bootstrap-ecommerce.com/bootstrap5-ecommerce/page-index-3.html]
[bootstrap-ecommerce.com/bootstrap5-ecommerce/page-items-list.html]
[bootstrap-ecommerce.com/bootstrap5-ecommerce/page-items-grid.html]
[bootstrap-ecommerce.com/bootstrap5-ecommerce/js/script3661.js]
[bootstrap-ecommerce.com/bootstrap5-ecommerce/images/items/detail1/big1.jpg]
[bootstrap-ecommerce.com/bootstrap5-ecommerce/images/items/detail1/big2.jpg]
[bootstrap-ecommerce.com/bootstrap5-ecommerce/images/items/detail1/big3.jpg]
[bootstrap-ecommerce.com/bootstrap5-ecommerce/images/items/detail1/big4.jpg]
[bootstrap-ecommerce.com/bootstrap5-ecommerce/images/items/detail1/thumb.jpg]
[bootstrap-ecommerce.com/bootstrap5-ecommerce/page-item-detail.html]
[bootstrap-ecommerce.com/bootstrap5-ecommerce/page-order-cart.html]
[bootstrap-ecommerce.com/bootstrap5-ecommerce/page-order-form.html]
[bootstrap-ecommerce.com/bootstrap5-ecommerce/page-profile.html]
[bootstrap-ecommerce.com/bootstrap5-ecommerce/fonts/fontawesome/webfonts/fa-brands-400.svg]
[bootstrap-ecommerce.com/bootstrap5-ecommerce/fonts/fontawesome/webfonts/fa-regular-400.svg]
[bootstrap-ecommerce.com/bootstrap5-ecommerce/plugins/fslightbox.js]
[bootstrap-ecommerce.com/bootstrap5-ecommerce/fonts/fontawesome/webfonts/fa-solid-900.svg]
[bootstrap-ecommerce.com/assets/css/style9571.css]
[bootstrap-ecommerce.com/assets/images/icons/feature1.svg]
[bootstrap-ecommerce.com/assets/images/icons/feature2.svg]
[bootstrap-ecommerce.com/assets/images/icons/feature3.svg]
[bootstrap-ecommerce.com/assets/images/icons/feature4.svg]
[bootstrap-ecommerce.com/templates/mobile/website/assets/images/favicon.ico]
[bootstrap-ecommerce.com/templates/mobile/website/assets/css/bootstrap.minc619.css]
[bootstrap-ecommerce.com/templates/mobile/website/assets/css/stylec619.css]
[bootstrap-ecommerce.com/templates/mobile/website/assets/images/logo.png]
[bootstrap-ecommerce.com/templates/mobile/website/assets/images/main.jpg]
[bootstrap-ecommerce.com/templates/mobile/website/assets/images/apps.png]
[bootstrap-ecommerce.com/templates/mobile/mobile-ecom-html/index.html]
[bootstrap-ecommerce.com/templates/mobile/website/assets/images/qr.png]
[bootstrap-ecommerce.com/templates/mobile/mobile-ecom-html/06.page-listing-b.html]
[bootstrap-ecommerce.com/templates/mobile/website/assets/images/ui-sketch.jpg]
[bootstrap-ecommerce.com/templates/mobile/website/assets/images/feature1.jpg]
[bootstrap-ecommerce.com/templates/mobile/website/assets/images/feature2.jpg]
[bootstrap-ecommerce.com/templates/mobile/website/assets/images/feature3.jpg]
[bootstrap-ecommerce.com/templates/mobile/website/assets/images/payments.png]
[bootstrap-ecommerce.com/templates/mobile/website/assets/js/jquery-3.5.0.min.js]
[bootstrap-ecommerce.com/templates/mobile/website/assets/js/bootstrap.bundle.min.js]
[bootstrap-ecommerce.com/templates/mobile/website/index.html]
[bootstrap-ecommerce.com/templates/mobile/website/assets/js/script.js]
[bootstrap-ecommerce.com/templates/alistyle-html/images/favicon.ico]
[bootstrap-ecommerce.com/templates/alistyle-html/js/jquery-2.0.0.min.js]
[bootstrap-ecommerce.com/templates/alistyle-html/js/bootstrap.bundle.min.js]
[bootstrap-ecommerce.com/templates/alistyle-html/css/bootstrap3661.css]
[bootstrap-ecommerce.com/templates/alistyle-html/fonts/fontawesome/css/all.min3661.css]
[bootstrap-ecommerce.com/templates/alistyle-html/css/ui3661.css]
[bootstrap-ecommerce.com/templates/alistyle-html/css/responsive3661.css]
[bootstrap-ecommerce.com/templates/alistyle-html/js/script3661.js]
[bootstrap-ecommerce.com/templates/alistyle-html/images/logo3661.png]
[bootstrap-ecommerce.com/templates/alistyle-html/page-index-1.html]
[bootstrap-ecommerce.com/templates/alistyle-html/page-index-2.html]
[bootstrap-ecommerce.com/templates/alistyle-html/page-category.html]
[bootstrap-ecommerce.com/templates/alistyle-html/page-listing-large.html]
[bootstrap-ecommerce.com/templates/alistyle-html/page-listing-grid.html]
[bootstrap-ecommerce.com/templates/alistyle-html/page-shopping-cart.html]
[bootstrap-ecommerce.com/templates/alistyle-html/page-detail-product.html]
[bootstrap-ecommerce.com/templates/alistyle-html/page-content.html]
[bootstrap-ecommerce.com/templates/alistyle-html/page-user-login.html]
[bootstrap-ecommerce.com/templates/alistyle-html/page-user-register.html]
[bootstrap-ecommerce.com/templates/alistyle-html/page-profile-main.html]
[bootstrap-ecommerce.com/templates/alistyle-html/page-profile-orders.html]
[bootstrap-ecommerce.com/templates/alistyle-html/page-profile-seller.html]
[bootstrap-ecommerce.com/templates/alistyle-html/page-profile-wishlist.html]
[bootstrap-ecommerce.com/templates/alistyle-html/page-profile-setting.html]
[bootstrap-ecommerce.com/templates/alistyle-html/page-profile-address.html]
[bootstrap-ecommerce.com/templates/alistyle-html/rtl-page-index-1.html]
[bootstrap-ecommerce.com/templates/alistyle-html/page-components.html]
[bootstrap-ecommerce.com/templates/alistyle-html/images/banners/slide1.jpg]
[bootstrap-ecommerce.com/templates/alistyle-html/images/banners/slide2.jpg]
[bootstrap-ecommerce.com/templates/alistyle-html/images/banners/slide3.jpg]
[bootstrap-ecommerce.com/templates/alistyle-html/images/items/1.jpg]
[bootstrap-ecommerce.com/templates/alistyle-html/images/items/2.jpg]
[bootstrap-ecommerce.com/templates/alistyle-html/images/items/6.jpg]
[bootstrap-ecommerce.com/templates/alistyle-html/images/items/3.jpg]
[bootstrap-ecommerce.com/templates/alistyle-html/images/items/4.jpg]
[bootstrap-ecommerce.com/templates/alistyle-html/images/items/5.jpg]
[bootstrap-ecommerce.com/templates/alistyle-html/images/items/7.jpg]
[bootstrap-ecommerce.com/templates/alistyle-html/images/items/14.jpg]
[bootstrap-ecommerce.com/templates/alistyle-html/images/items/8.jpg]
[bootstrap-ecommerce.com/templates/alistyle-html/images/items/9.jpg]
[bootstrap-ecommerce.com/templates/alistyle-html/images/items/10.jpg]
[bootstrap-ecommerce.com/templates/alistyle-html/images/items/11.jpg]
[bootstrap-ecommerce.com/templates/alistyle-html/images/items/12.jpg]
[bootstrap-ecommerce.com/templates/alistyle-html/images/banners/banner9.jpg]
[bootstrap-ecommerce.com/templates/alistyle-html/images/posts/1.jpg]
[bootstrap-ecommerce.com/templates/alistyle-html/images/posts/2.jpg]
[bootstrap-ecommerce.com/templates/alistyle-html/images/posts/3.jpg]
[bootstrap-ecommerce.com/templates/alistyle-html/images/posts/4.jpg]
[bootstrap-ecommerce.com/templates/alistyle-html/images/icons/flags/CN.png]
[bootstrap-ecommerce.com/templates/alistyle-html/images/icons/flags/DE.png]
[bootstrap-ecommerce.com/templates/alistyle-html/images/icons/flags/AU.png]
[bootstrap-ecommerce.com/templates/alistyle-html/images/icons/flags/RU.png]
[bootstrap-ecommerce.com/templates/alistyle-html/images/icons/flags/IN.png]
[bootstrap-ecommerce.com/templates/alistyle-html/images/icons/flags/GB.png]
[bootstrap-ecommerce.com/templates/alistyle-html/images/icons/flags/TR.png]
[bootstrap-ecommerce.com/templates/alistyle-html/images/icons/flags/UZ.png]
[bootstrap-ecommerce.com/templates/alistyle-html/images/banners/ad-sm.png]
[bootstrap-ecommerce.com/templates/alistyle-html/page-index.html]
[bootstrap-ecommerce.com/bootstrap5-ecommerce/css/bootstrap3661.css]
[bootstrap-ecommerce.com/bootstrap5-ecommerce/css/ui3661.css]
[bootstrap-ecommerce.com/bootstrap5-ecommerce/css/responsive3661.css]
[bootstrap-ecommerce.com/templates/mobile/website/assets/css/bootstrap.minc619.css]
[bootstrap-ecommerce.com/templates/mobile/website/assets/css/stylec619.css]
[bootstrap-ecommerce.com/templates/mobile/mobile-ecom-html/images/favicon.ico]
[bootstrap-ecommerce.com/templates/mobile/mobile-ecom-html/css/bootstrap.css]
[bootstrap-ecommerce.com/templates/mobile/mobile-ecom-html/css/ui.css]
[bootstrap-ecommerce.com/templates/mobile/mobile-ecom-html/fonts/material-icon/css/round.css]
[bootstrap-ecommerce.com/templates/mobile/mobile-ecom-html/01.page-index-a.html]
[bootstrap-ecommerce.com/templates/mobile/mobile-ecom-html/02.page-index-b.html]
[bootstrap-ecommerce.com/templates/mobile/mobile-ecom-html/03.page-index-c.html]
[bootstrap-ecommerce.com/templates/mobile/mobile-ecom-html/04.page-index-d.html]
[bootstrap-ecommerce.com/templates/mobile/mobile-ecom-html/05.page-listing-a.html]
[bootstrap-ecommerce.com/templates/mobile/mobile-ecom-html/07.page-listing-c.html]
[bootstrap-ecommerce.com/templates/mobile/mobile-ecom-html/08.page-listing-d.html]
[bootstrap-ecommerce.com/templates/mobile/mobile-ecom-html/09.page-listing-e.html]
[bootstrap-ecommerce.com/templates/mobile/mobile-ecom-html/10.page-category-a.html]
[bootstrap-ecommerce.com/templates/mobile/mobile-ecom-html/11.page-category-b.html]
[bootstrap-ecommerce.com/templates/mobile/mobile-ecom-html/12.page-category-c.html]
[bootstrap-ecommerce.com/templates/mobile/mobile-ecom-html/13.page-category-d.html]
[bootstrap-ecommerce.com/templates/mobile/mobile-ecom-html/14.page-search.html]
[bootstrap-ecommerce.com/templates/mobile/mobile-ecom-html/15.page-detail-a.html]
[bootstrap-ecommerce.com/templates/mobile/mobile-ecom-html/16.page-detail-b.html]
[bootstrap-ecommerce.com/templates/mobile/mobile-ecom-html/17.page-detail-c.html]
[bootstrap-ecommerce.com/templates/mobile/mobile-ecom-html/18.page-detail-d.html]
[bootstrap-ecommerce.com/templates/mobile/mobile-ecom-html/19.page-cart-a.html]
[bootstrap-ecommerce.com/templates/mobile/mobile-ecom-html/20.page-cart-b.html]
[bootstrap-ecommerce.com/templates/mobile/mobile-ecom-html/21.page-order-step1.html]
[bootstrap-ecommerce.com/templates/mobile/mobile-ecom-html/22.page-order-step2.html]
[bootstrap-ecommerce.com/templates/mobile/mobile-ecom-html/23.page-order-step3.html]
[bootstrap-ecommerce.com/templates/mobile/mobile-ecom-html/24.page-order-success.html]
[bootstrap-ecommerce.com/templates/mobile/mobile-ecom-html/25.page-user-login.html]
[bootstrap-ecommerce.com/templates/mobile/mobile-ecom-html/26.page-user-register.html]
[bootstrap-ecommerce.com/templates/mobile/mobile-ecom-html/27.page-profile.html]
[bootstrap-ecommerce.com/templates/mobile/mobile-ecom-html/28.page-settings.html]
[bootstrap-ecommerce.com/templates/mobile/mobile-ecom-html/29.page-profile-edit.html]
[bootstrap-ecommerce.com/templates/mobile/mobile-ecom-html/30.page-blog.html]
[bootstrap-ecommerce.com/templates/mobile/mobile-ecom-html/0.page-modal-windows.html]
[bootstrap-ecommerce.com/templates/mobile/mobile-ecom-html/0.page-blank.html]
[bootstrap-ecommerce.com/templates/mobile/mobile-ecom-html/_html-components/_banners.html]
[bootstrap-ecommerce.com/templates/mobile/mobile-ecom-html/_html-components/_category.html]
[bootstrap-ecommerce.com/templates/mobile/mobile-ecom-html/_html-components/_menu-list.html]
[bootstrap-ecommerce.com/templates/mobile/mobile-ecom-html/_html-components/_nav-bottom.html]
[bootstrap-ecommerce.com/templates/mobile/mobile-ecom-html/js/jquery-3.5.0.min.js]
[bootstrap-ecommerce.com/templates/mobile/mobile-ecom-html/js/bootstrap.bundle.js]
[bootstrap-ecommerce.com/templates/mobile/mobile-ecom-html/js/script.js]
[bootstrap-ecommerce.com/templates/mobile/mobile-ecom-html/index.html]
[bootstrap-ecommerce.com/templates/mobile/mobile-ecom-html/js/pwa.js]
[bootstrap-ecommerce.com/templates/mobile/mobile-ecom-html/images/items/3.jpg]
[bootstrap-ecommerce.com/templates/mobile/mobile-ecom-html/images/items/2.jpg]
[bootstrap-ecommerce.com/templates/mobile/mobile-ecom-html/images/items/1.jpg]
[bootstrap-ecommerce.com/templates/mobile/mobile-ecom-html/images/items/4.jpg]
[bootstrap-ecommerce.com/templates/mobile/mobile-ecom-html/images/items/5.jpg]
[bootstrap-ecommerce.com/templates/mobile/mobile-ecom-html/images/items/6.jpg]
[bootstrap-ecommerce.com/templates/mobile/mobile-ecom-html/06.page-listing-b.html]
[bootstrap-ecommerce.com/templates/alistyle-html/css/bootstrap3661.css]
[bootstrap-ecommerce.com/templates/alistyle-html/fonts/fontawesome/webfonts/fa-brands-400.eot]
[bootstrap-ecommerce.com/templates/alistyle-html/fonts/fontawesome/webfonts/fa-brands-400d41d.eot]
[bootstrap-ecommerce.com/templates/alistyle-html/fonts/fontawesome/webfonts/fa-brands-400.woff2]
[bootstrap-ecommerce.com/templates/alistyle-html/fonts/fontawesome/webfonts/fa-brands-400.woff]
[bootstrap-ecommerce.com/templates/alistyle-html/fonts/fontawesome/webfonts/fa-brands-400.ttf]
[bootstrap-ecommerce.com/templates/alistyle-html/fonts/fontawesome/webfonts/fa-brands-400.svg]
[bootstrap-ecommerce.com/templates/alistyle-html/fonts/fontawesome/webfonts/fa-regular-400.eot]
[bootstrap-ecommerce.com/templates/alistyle-html/fonts/fontawesome/webfonts/fa-regular-400d41d.eot]
[bootstrap-ecommerce.com/templates/alistyle-html/fonts/fontawesome/webfonts/fa-regular-400.woff2]
[bootstrap-ecommerce.com/templates/alistyle-html/fonts/fontawesome/webfonts/fa-regular-400.woff]
[bootstrap-ecommerce.com/templates/alistyle-html/fonts/fontawesome/webfonts/fa-regular-400.ttf]
[bootstrap-ecommerce.com/templates/alistyle-html/fonts/fontawesome/webfonts/fa-regular-400.svg]
[bootstrap-ecommerce.com/templates/alistyle-html/fonts/fontawesome/webfonts/fa-solid-900.eot]
[bootstrap-ecommerce.com/templates/alistyle-html/fonts/fontawesome/webfonts/fa-solid-900d41d.eot]
[bootstrap-ecommerce.com/templates/alistyle-html/fonts/fontawesome/webfonts/fa-solid-900.woff2]
[bootstrap-ecommerce.com/templates/alistyle-html/fonts/fontawesome/webfonts/fa-solid-900.woff]
[bootstrap-ecommerce.com/templates/alistyle-html/fonts/fontawesome/webfonts/fa-solid-900.ttf]
[bootstrap-ecommerce.com/templates/alistyle-html/fonts/fontawesome/css/all.min3661.css]
[rsms.me/inter/inter.css]
[bootstrap-ecommerce.com/templates/alistyle-html/fonts/fontawesome/webfonts/fa-solid-900.svg]
[bootstrap-ecommerce.com/templates/alistyle-html/css/ui3661.css]
[bootstrap-ecommerce.com/templates/alistyle-html/css/responsive3661.css]
[bootstrap-ecommerce.com/templates/alistyle-html/page-index-1.html]
[bootstrap-ecommerce.com/templates/alistyle-html/images/icons/flags/US.png]
[bootstrap-ecommerce.com/templates/alistyle-html/images/logo3661.svg]
[bootstrap-ecommerce.com/templates/alistyle-html/images/banners/slide-lg-3.jpg]
[bootstrap-ecommerce.com/templates/alistyle-html/images/banners/slide-lg-2.jpg]
[bootstrap-ecommerce.com/templates/alistyle-html/images/icons/stars-active.svg]
[bootstrap-ecommerce.com/templates/alistyle-html/images/icons/starts-disable.svg]
[bootstrap-ecommerce.com/templates/alistyle-html/images/banners/banner4.jpg]
[bootstrap-ecommerce.com/templates/alistyle-html/images/banners/banner5.jpg]
[bootstrap-ecommerce.com/templates/alistyle-html/page-index-2.html]
[bootstrap-ecommerce.com/templates/alistyle-html/css/bootstrap.css]
[bootstrap-ecommerce.com/templates/alistyle-html/fonts/fontawesome/css/all.min.css]
[bootstrap-ecommerce.com/templates/alistyle-html/css/ui.css]
[bootstrap-ecommerce.com/templates/alistyle-html/css/responsive.css]
[bootstrap-ecommerce.com/templates/alistyle-html/js/script.js]
[bootstrap-ecommerce.com/templates/alistyle-html/images/logo.png]
[bootstrap-ecommerce.com/templates/alistyle-html/page-category.html]
[bootstrap-ecommerce.com/templates/alistyle-html/page-listing-large.html]
[bootstrap-ecommerce.com/templates/alistyle-html/images/items/15.jpg]
[bootstrap-ecommerce.com/templates/alistyle-html/page-listing-grid.html]
[bootstrap-ecommerce.com/templates/alistyle-html/images/misc/payments.png]
[bootstrap-ecommerce.com/templates/alistyle-html/page-shopping-cart.html]
[bootstrap-ecommerce.com/templates/alistyle-html/images/items/15-1.jpg]
[bootstrap-ecommerce.com/templates/alistyle-html/images/items/15-2.jpg]
[bootstrap-ecommerce.com/templates/alistyle-html/page-detail-product.html]
[bootstrap-ecommerce.com/templates/alistyle-html/page-content.html]
[bootstrap-ecommerce.com/templates/alistyle-html/page-user-login.html]
[bootstrap-ecommerce.com/templates/alistyle-html/page-user-register.html]
[bootstrap-ecommerce.com/templates/alistyle-html/images/avatars/avatar3.jpg]
[bootstrap-ecommerce.com/templates/alistyle-html/page-profile-main.html]
[bootstrap-ecommerce.com/templates/alistyle-html/page-profile-orders.html]
[bootstrap-ecommerce.com/templates/alistyle-html/page-profile-seller.html]
[bootstrap-ecommerce.com/templates/alistyle-html/page-profile-wishlist.html]
[bootstrap-ecommerce.com/templates/alistyle-html/images/avatars/avatar1.jpg]
[bootstrap-ecommerce.com/templates/alistyle-html/page-profile-setting.html]
[bootstrap-ecommerce.com/templates/alistyle-html/page-profile-address.html]
[bootstrap-ecommerce.com/templates/alistyle-html/css/bootstrap-rtl.css]
[bootstrap-ecommerce.com/templates/alistyle-html/rtl-page-index-1.html]
[bootstrap-ecommerce.com/templates/alistyle-html/page-components.html]
[bootstrap-ecommerce.com/templates/mobile/mobile-ecom-html/css/bootstrap.css]
[bootstrap-ecommerce.com/templates/mobile/mobile-ecom-html/css/ui.css]
[bootstrap-ecommerce.com/templates/alistyle-html/_HTML-Components/index.html]
[bootstrap-ecommerce.com/templates/mobile/mobile-ecom-html/fonts/material-icon/font/MaterialIcons-Round.woff2]
[bootstrap-ecommerce.com/templates/mobile/mobile-ecom-html/fonts/material-icon/font/MaterialIcons-Round.ttf]
[bootstrap-ecommerce.com/templates/mobile/mobile-ecom-html/fonts/material-icon/font/MaterialIcons-Round.woff]
[bootstrap-ecommerce.com/templates/mobile/mobile-ecom-html/fonts/material-icon/css/round.css]
[bootstrap-ecommerce.com/templates/mobile/mobile-ecom-html/images/banners/banner1.jpg]
[bootstrap-ecommerce.com/templates/mobile/mobile-ecom-html/images/banners/banner2.jpg]
[bootstrap-ecommerce.com/templates/mobile/mobile-ecom-html/images/banners/banner3.jpg]
[bootstrap-ecommerce.com/templates/mobile/mobile-ecom-html/images/items/7.jpg]
[bootstrap-ecommerce.com/templates/mobile/mobile-ecom-html/images/items/8.jpg]
[bootstrap-ecommerce.com/templates/mobile/mobile-ecom-html/images/icons/category-blue/cpu.svg]
[bootstrap-ecommerce.com/templates/mobile/mobile-ecom-html/images/icons/category-blue/homeitem.svg]
[bootstrap-ecommerce.com/templates/mobile/mobile-ecom-html/images/icons/category-blue/book.svg]
[bootstrap-ecommerce.com/templates/mobile/mobile-ecom-html/images/icons/category-blue/ball.svg]
[bootstrap-ecommerce.com/templates/mobile/mobile-ecom-html/images/icons/category-blue/shoe-lady.svg]
[bootstrap-ecommerce.com/templates/mobile/mobile-ecom-html/images/icons/category-blue/shirt.svg]
[bootstrap-ecommerce.com/templates/mobile/mobile-ecom-html/images/icons/category-blue/toy.svg]
[bootstrap-ecommerce.com/templates/mobile/mobile-ecom-html/01.page-index-a.html]
[bootstrap-ecommerce.com/templates/mobile/mobile-ecom-html/images/icons/category-blue/watch.svg]
[bootstrap-ecommerce.com/templates/mobile/mobile-ecom-html/images/icons/category-blue/spa.svg]
[bootstrap-ecommerce.com/templates/mobile/mobile-ecom-html/images/items/item.jpg]
[bootstrap-ecommerce.com/templates/mobile/mobile-ecom-html/images/avatars/1.jpg]
[bootstrap-ecommerce.com/templates/mobile/mobile-ecom-html/02.page-index-b.html]
[bootstrap-ecommerce.com/templates/mobile/mobile-ecom-html/03.page-index-c.html]
[bootstrap-ecommerce.com/templates/mobile/mobile-ecom-html/images/icons/category-white/book.svg]
[bootstrap-ecommerce.com/templates/mobile/mobile-ecom-html/images/icons/category-white/shirt.svg]
[bootstrap-ecommerce.com/templates/mobile/mobile-ecom-html/images/icons/category-white/shoe-lady.svg]
[bootstrap-ecommerce.com/templates/mobile/mobile-ecom-html/images/icons/category-white/toy.svg]
[bootstrap-ecommerce.com/templates/mobile/mobile-ecom-html/images/icons/category-white/cpu.svg]
[bootstrap-ecommerce.com/templates/mobile/mobile-ecom-html/images/icons/category-white/ball.svg]
[bootstrap-ecommerce.com/templates/mobile/mobile-ecom-html/images/icons/category-white/watch.svg]
[bootstrap-ecommerce.com/templates/mobile/mobile-ecom-html/04.page-index-d.html]
[bootstrap-ecommerce.com/templates/mobile/mobile-ecom-html/05.page-listing-a.html]
[bootstrap-ecommerce.com/templates/mobile/mobile-ecom-html/07.page-listing-c.html]
[bootstrap-ecommerce.com/templates/mobile/mobile-ecom-html/08.page-listing-d.html]
[bootstrap-ecommerce.com/templates/mobile/mobile-ecom-html/images/icons/category-white/more.svg]
[bootstrap-ecommerce.com/templates/mobile/mobile-ecom-html/images/misc/stars-active.svg]
[bootstrap-ecommerce.com/templates/mobile/mobile-ecom-html/09.page-listing-e.html]
[bootstrap-ecommerce.com/templates/mobile/mobile-ecom-html/images/misc/stars-disable.svg]
[bootstrap-ecommerce.com/templates/mobile/mobile-ecom-html/images/icons/category-blue/bag.svg]
[bootstrap-ecommerce.com/templates/mobile/mobile-ecom-html/images/icons/category-blue/diamond.svg]
[bootstrap-ecommerce.com/templates/mobile/mobile-ecom-html/10.page-category-a.html]
[bootstrap-ecommerce.com/templates/mobile/mobile-ecom-html/11.page-category-b.html]
[bootstrap-ecommerce.com/templates/mobile/mobile-ecom-html/12.page-category-c.html]
[bootstrap-ecommerce.com/templates/mobile/mobile-ecom-html/images/icons/category-blue/more.svg]
[bootstrap-ecommerce.com/templates/mobile/mobile-ecom-html/images/banners/banner-cat1.jpg]
[bootstrap-ecommerce.com/templates/mobile/mobile-ecom-html/images/banners/banner-cat2.jpg]
[bootstrap-ecommerce.com/templates/mobile/mobile-ecom-html/images/banners/banner-cat3.jpg]
[bootstrap-ecommerce.com/templates/mobile/mobile-ecom-html/13.page-category-d.html]
[bootstrap-ecommerce.com/templates/mobile/mobile-ecom-html/14.page-search.html]
[bootstrap-ecommerce.com/templates/mobile/mobile-ecom-html/images/items/detail.jpg]
[bootstrap-ecommerce.com/templates/mobile/mobile-ecom-html/images/items/detail1.jpg]
[bootstrap-ecommerce.com/templates/mobile/mobile-ecom-html/images/items/detail2.jpg]
[bootstrap-ecommerce.com/templates/mobile/mobile-ecom-html/images/items/detail3.jpg]
[bootstrap-ecommerce.com/templates/mobile/mobile-ecom-html/plugins/fancybox/fancybox.min.css]
[bootstrap-ecommerce.com/templates/mobile/mobile-ecom-html/15.page-detail-a.html]
[bootstrap-ecommerce.com/templates/mobile/mobile-ecom-html/16.page-detail-b.html]
[bootstrap-ecommerce.com/templates/mobile/mobile-ecom-html/plugins/fancybox/fancybox.min.js]
[bootstrap-ecommerce.com/templates/mobile/mobile-ecom-html/images/avatars/2.jpg]
[bootstrap-ecommerce.com/templates/mobile/mobile-ecom-html/17.page-detail-c.html]
[bootstrap-ecommerce.com/templates/mobile/mobile-ecom-html/images/items/book1.jpg]
[bootstrap-ecommerce.com/templates/mobile/mobile-ecom-html/images/items/book2.jpg]
[bootstrap-ecommerce.com/templates/mobile/mobile-ecom-html/images/items/book3.jpg]
[bootstrap-ecommerce.com/templates/mobile/mobile-ecom-html/images/items/book4.jpg]
[bootstrap-ecommerce.com/templates/mobile/mobile-ecom-html/images/items/book.jpg]
[bootstrap-ecommerce.com/templates/mobile/mobile-ecom-html/18.page-detail-d.html]
[bootstrap-ecommerce.com/templates/mobile/mobile-ecom-html/19.page-cart-a.html]
[bootstrap-ecommerce.com/templates/mobile/mobile-ecom-html/20.page-cart-b.html]
[bootstrap-ecommerce.com/templates/mobile/mobile-ecom-html/21.page-order-step1.html]
[bootstrap-ecommerce.com/templates/mobile/mobile-ecom-html/images/icons/pay/pay-cash.png]
[bootstrap-ecommerce.com/templates/mobile/mobile-ecom-html/images/icons/pay/pay-visa.png]
[bootstrap-ecommerce.com/templates/mobile/mobile-ecom-html/images/icons/pay/pay-paypal.png]
[bootstrap-ecommerce.com/templates/mobile/mobile-ecom-html/22.page-order-step2.html]
[bootstrap-ecommerce.com/templates/mobile/mobile-ecom-html/23.page-order-step3.html]
[bootstrap-ecommerce.com/templates/mobile/mobile-ecom-html/24.page-order-success.html]
[bootstrap-ecommerce.com/templates/mobile/mobile-ecom-html/25.page-user-login.html]
[bootstrap-ecommerce.com/templates/mobile/mobile-ecom-html/26.page-user-register.html]
[bootstrap-ecommerce.com/templates/mobile/mobile-ecom-html/27.page-profile.html]
[bootstrap-ecommerce.com/templates/mobile/mobile-ecom-html/28.page-settings.html]
[bootstrap-ecommerce.com/templates/mobile/mobile-ecom-html/29.page-profile-edit.html]
[bootstrap-ecommerce.com/templates/mobile/mobile-ecom-html/images/posts/1.jpg]
[bootstrap-ecommerce.com/templates/mobile/mobile-ecom-html/images/posts/2.jpg]
[bootstrap-ecommerce.com/templates/mobile/mobile-ecom-html/images/posts/3.jpg]
[bootstrap-ecommerce.com/templates/mobile/mobile-ecom-html/images/posts/0.jpg]
[bootstrap-ecommerce.com/templates/mobile/mobile-ecom-html/images/posts/4.jpg]
[bootstrap-ecommerce.com/templates/mobile/mobile-ecom-html/30.page-blog.html]
[bootstrap-ecommerce.com/templates/mobile/mobile-ecom-html/0.page-modal-windows.html]
[bootstrap-ecommerce.com/templates/mobile/mobile-ecom-html/0.page-blank.html]
[bootstrap-ecommerce.com/templates/mobile/mobile-ecom-html/images/banners/slide1.jpg]
[bootstrap-ecommerce.com/templates/mobile/mobile-ecom-html/images/banners/slide2.jpg]
[bootstrap-ecommerce.com/templates/mobile/mobile-ecom-html/images/banners/slide3.jpg]
[bootstrap-ecommerce.com/templates/mobile/mobile-ecom-html/_html-components/_banners.html]
[bootstrap-ecommerce.com/templates/mobile/mobile-ecom-html/_html-components/_category.html]
[bootstrap-ecommerce.com/templates/mobile/mobile-ecom-html/_html-components/_menu-list.html]
[bootstrap-ecommerce.com/templates/mobile/mobile-ecom-html/_html-components/_nav-bottom.html]
[bootstrap-ecommerce.com/templates/alistyle-html/fonts/fontawesome/webfonts/fa-brands-400.svg]
[bootstrap-ecommerce.com/templates/alistyle-html/fonts/fontawesome/webfonts/fa-regular-400.svg]
[bootstrap-ecommerce.com/templates/alistyle-html/fonts/fontawesome/webfonts/fa-solid-900.svg]
[rsms.me/inter/font-files/Inter-Thin3535.woff2]
[rsms.me/inter/font-files/Inter-Thin3535.woff]
[rsms.me/inter/font-files/Inter-ThinItalic3535.woff2]
[rsms.me/inter/font-files/Inter-ThinItalic3535.woff]
[rsms.me/inter/font-files/Inter-ExtraLight3535.woff2]
[rsms.me/inter/font-files/Inter-ExtraLight3535.woff]
[rsms.me/inter/font-files/Inter-ExtraLightItalic3535.woff2]
[rsms.me/inter/font-files/Inter-ExtraLightItalic3535.woff]
[rsms.me/inter/font-files/Inter-Light3535.woff2]
[rsms.me/inter/font-files/Inter-Light3535.woff]
[rsms.me/inter/font-files/Inter-LightItalic3535.woff2]
[rsms.me/inter/font-files/Inter-LightItalic3535.woff]
[rsms.me/inter/font-files/Inter-Regular3535.woff2]
[rsms.me/inter/font-files/Inter-Regular3535.woff]
[rsms.me/inter/font-files/Inter-Italic3535.woff2]
[rsms.me/inter/font-files/Inter-Italic3535.woff]
[rsms.me/inter/font-files/Inter-Medium3535.woff2]
[rsms.me/inter/font-files/Inter-Medium3535.woff]
[rsms.me/inter/font-files/Inter-MediumItalic3535.woff2]
[rsms.me/inter/font-files/Inter-MediumItalic3535.woff]
[rsms.me/inter/font-files/Inter-SemiBold3535.woff2]
[rsms.me/inter/font-files/Inter-SemiBold3535.woff]
[rsms.me/inter/font-files/Inter-SemiBoldItalic3535.woff2]
[rsms.me/inter/font-files/Inter-SemiBoldItalic3535.woff]
[rsms.me/inter/font-files/Inter-Bold3535.woff2]
[rsms.me/inter/font-files/Inter-Bold3535.woff]
[rsms.me/inter/font-files/Inter-BoldItalic3535.woff2]
[rsms.me/inter/font-files/Inter-BoldItalic3535.woff]
[rsms.me/inter/font-files/Inter-ExtraBold3535.woff2]
[rsms.me/inter/font-files/Inter-ExtraBold3535.woff]
[rsms.me/inter/font-files/Inter-ExtraBoldItalic3535.woff2]
[rsms.me/inter/font-files/Inter-ExtraBoldItalic3535.woff]
[rsms.me/inter/font-files/Inter-Black3535.woff2]
[rsms.me/inter/font-files/Inter-Black3535.woff]
[rsms.me/inter/font-files/Inter-BlackItalic3535.woff2]
[rsms.me/inter/font-files/Inter-BlackItalic3535.woff]
[rsms.me/inter/font-files/Inter-roman.var3535.woff2]
[rsms.me/inter/font-files/Inter-italic.var3535.woff2]
[rsms.me/inter/font-files/Inter.var3535.woff2]
[rsms.me/inter/inter.css]
[bootstrap-ecommerce.com/templates/alistyle-html/images/logo3661.svg]
[bootstrap-ecommerce.com/templates/alistyle-html/images/icons/stars-active.svg]
[bootstrap-ecommerce.com/templates/alistyle-html/images/icons/starts-disable.svg]
[bootstrap-ecommerce.com/templates/alistyle-html/css/bootstrap.css]
[bootstrap-ecommerce.com/templates/alistyle-html/fonts/fontawesome/css/all.min.css]
[bootstrap-ecommerce.com/templates/alistyle-html/css/ui.css]
[bootstrap-ecommerce.com/templates/alistyle-html/css/responsive.css]
[bootstrap-ecommerce.com/templates/alistyle-html/css/bootstrap-rtl.css]
[bootstrap-ecommerce.com/templates/alistyle-html/_HTML-Components/_banners.html]
[bootstrap-ecommerce.com/templates/alistyle-html/_HTML-Components/_blank.html]
[bootstrap-ecommerce.com/templates/alistyle-html/_HTML-Components/_features.html]
[bootstrap-ecommerce.com/templates/alistyle-html/_HTML-Components/_filter.html]
[bootstrap-ecommerce.com/templates/alistyle-html/_HTML-Components/_footer-1.html]
[bootstrap-ecommerce.com/templates/alistyle-html/_HTML-Components/_footer-2.html]
[bootstrap-ecommerce.com/templates/alistyle-html/_HTML-Components/_footer-3.html]
[bootstrap-ecommerce.com/templates/alistyle-html/_HTML-Components/_footer-4.html]
[bootstrap-ecommerce.com/templates/alistyle-html/_HTML-Components/_forms.html]
[bootstrap-ecommerce.com/templates/alistyle-html/_HTML-Components/_header-1.html]
[bootstrap-ecommerce.com/templates/alistyle-html/_HTML-Components/_header-2.html]
[bootstrap-ecommerce.com/templates/alistyle-html/_HTML-Components/_header-3.html]
[bootstrap-ecommerce.com/templates/alistyle-html/_HTML-Components/_header-4.html]
[bootstrap-ecommerce.com/templates/alistyle-html/_HTML-Components/_icontext.html]
[bootstrap-ecommerce.com/templates/alistyle-html/_HTML-Components/index.html]
[bootstrap-ecommerce.com/templates/mobile/mobile-ecom-html/images/icons/category-blue/cpu.svg]
[bootstrap-ecommerce.com/templates/mobile/mobile-ecom-html/images/icons/category-blue/homeitem.svg]
[bootstrap-ecommerce.com/templates/mobile/mobile-ecom-html/images/icons/category-blue/book.svg]
[bootstrap-ecommerce.com/templates/mobile/mobile-ecom-html/images/icons/category-blue/ball.svg]
[bootstrap-ecommerce.com/templates/mobile/mobile-ecom-html/images/icons/category-blue/shoe-lady.svg]
[bootstrap-ecommerce.com/templates/mobile/mobile-ecom-html/images/icons/category-blue/shirt.svg]
[bootstrap-ecommerce.com/templates/mobile/mobile-ecom-html/images/icons/category-blue/toy.svg]
[bootstrap-ecommerce.com/templates/mobile/mobile-ecom-html/images/icons/category-blue/watch.svg]
[bootstrap-ecommerce.com/templates/mobile/mobile-ecom-html/images/icons/category-blue/spa.svg]
[bootstrap-ecommerce.com/templates/mobile/mobile-ecom-html/images/icons/category-white/book.svg]
[bootstrap-ecommerce.com/templates/mobile/mobile-ecom-html/images/icons/category-white/shirt.svg]
[bootstrap-ecommerce.com/templates/mobile/mobile-ecom-html/images/icons/category-white/shoe-lady.svg]
[bootstrap-ecommerce.com/templates/mobile/mobile-ecom-html/images/icons/category-white/toy.svg]
[bootstrap-ecommerce.com/templates/mobile/mobile-ecom-html/images/icons/category-white/cpu.svg]
[bootstrap-ecommerce.com/templates/mobile/mobile-ecom-html/images/icons/category-white/ball.svg]
[bootstrap-ecommerce.com/templates/mobile/mobile-ecom-html/images/icons/category-white/watch.svg]
[bootstrap-ecommerce.com/templates/mobile/mobile-ecom-html/images/icons/category-white/more.svg]
[bootstrap-ecommerce.com/templates/mobile/mobile-ecom-html/images/misc/stars-active.svg]
[bootstrap-ecommerce.com/templates/mobile/mobile-ecom-html/images/misc/stars-disable.svg]
[bootstrap-ecommerce.com/templates/mobile/mobile-ecom-html/images/icons/category-blue/bag.svg]
[bootstrap-ecommerce.com/templates/mobile/mobile-ecom-html/images/icons/category-blue/diamond.svg]
[bootstrap-ecommerce.com/templates/mobile/mobile-ecom-html/images/icons/category-blue/more.svg]
[bootstrap-ecommerce.com/templates/mobile/mobile-ecom-html/plugins/fancybox/fancybox.min.css]
[bootstrap-ecommerce.com/templates/alistyle-html/_HTML-Components/_itemside.html]
[bootstrap-ecommerce.com/templates/alistyle-html/index.html]
[bootstrap-ecommerce.com/templates/alistyle-html/_HTML-Components/.html]
[bootstrap-ecommerce.com/templates/alistyle-html/images/banners/banner1.jpg]
[bootstrap-ecommerce.com/templates/alistyle-html/images/banners/banner2.jpg]
[bootstrap-ecommerce.com/templates/alistyle-html/images/banners/banner3.jpg]
[bootstrap-ecommerce.com/templates/alistyle-html/images/banners/banner6.jpg]
[bootstrap-ecommerce.com/templates/alistyle-html/images/banners/banner7.jpg]
[bootstrap-ecommerce.com/templates/alistyle-html/images/banners/banner8.jpg]
[bootstrap-ecommerce.com/templates/alistyle-html/images/banners/banner-item1.jpg]
[bootstrap-ecommerce.com/templates/alistyle-html/images/banners/banner-item2.jpg]
[bootstrap-ecommerce.com/templates/alistyle-html/images/banners/banner-item3.jpg]
[bootstrap-ecommerce.com/templates/alistyle-html/_HTML-Components/_banners.html]
[bootstrap-ecommerce.com/templates/alistyle-html/_HTML-Components/_blank.html]
[bootstrap-ecommerce.com/templates/alistyle-html/_HTML-Components/_features.html]
[bootstrap-ecommerce.com/templates/alistyle-html/_HTML-Components/_filter.html]
[bootstrap-ecommerce.com/templates/alistyle-html/images/misc/appstore.png]
[bootstrap-ecommerce.com/templates/alistyle-html/images/misc/playmarket.png]
[bootstrap-ecommerce.com/templates/alistyle-html/_HTML-Components/_footer-1.html]
[bootstrap-ecommerce.com/templates/alistyle-html/_HTML-Components/_footer-2.html]
[bootstrap-ecommerce.com/templates/alistyle-html/_HTML-Components/_footer-3.html]
[bootstrap-ecommerce.com/templates/alistyle-html/_HTML-Components/_footer-4.html]
[bootstrap-ecommerce.com/templates/alistyle-html/images/avatars/avatar2.jpg]
[bootstrap-ecommerce.com/templates/alistyle-html/_HTML-Components/_forms.html]
[bootstrap-ecommerce.com/templates/alistyle-html/_HTML-Components/_header-1.html]
[bootstrap-ecommerce.com/templates/alistyle-html/_HTML-Components/_header-2.html]
[bootstrap-ecommerce.com/templates/alistyle-html/_HTML-Components/_header-3.html]
[bootstrap-ecommerce.com/templates/alistyle-html/_HTML-Components/_header-4.html]
[bootstrap-ecommerce.com/templates/alistyle-html/_HTML-Components/_icontext.html]
[bootstrap-ecommerce.com/templates/alistyle-html/_HTML-Components/_itemside.html]
